// Jest Snapshot v1, https://goo.gl/fbAQLP

exports[`App matches a snapshot 1`] = `
<Fragment>
  <h1
    className="header"
  >
    Markdown Editor
  </h1>
  <Document />
</Fragment>
`;
