// Jest Snapshot v1, https://goo.gl/fbAQLP

exports[`SavedMarkdownList matches a snapshot 1`] = `
<ul>
  <li
    key="0"
  >
     
    title1
  </li>
  <li
    key="1"
  >
     
    title2
  </li>
</ul>
`;
