// Jest Snapshot v1, https://goo.gl/fbAQLP

exports[`Editor matches a snapshot 1`] = `
<textarea
  className="Editor"
  onChange={[MockFunction]}
  value="## Some markdown text"
/>
`;
